---
source: tests/scenarios.rs
expression: scenario
---
cast: []
events: []
