---
source: tests/syntax.rs
expression: scenario
---
types:
  - use: A
    as: A
dummies:
  - Jorge
events:
  - id: the-send
    send:
      from: Jorge
      type: A
      data:
        literal: ~
