---
source: tests/syntax.rs
expression: scenario
---
Scenario {
    types: [],
    subs: [],
    cast: [
        ActorName(
            "Alicia",
        ),
        ActorName(
            "Roberto",
        ),
    ],
    events: [],
    no_extra: NoExtra,
}
