---
source: tests/syntax.rs
expression: scenario
---
cast: []
events: []
