---
source: tests/syntax.rs
expression: scenario
---
actors:
  - Alicia
dummies:
  - Roberto
events: []
