---
source: tests/syntax.rs
expression: scenario
---
cast: []
events:
  - id: the-delay
    delay:
      for: 1h
      step: 1us
