---
source: tests/syntax.rs
expression: scenario
---
cast: []
events:
  - id: the-bind
    bind:
      dst:
        a: $A
        b: $B
        c: $_
      src:
        literal:
          a: A
          b: B
          c: C
