---
source: tests/syntax.rs
expression: scenario
---
cast: []
events:
  - id: the-call
    call:
      sub: the-sub
